🚀 Starting Global Indexing Powerhouse for 205 pages...
❌ Failed: https://quantapex.in/agency/delhi (Service might be rate limiting)
❌ Failed: https://quantapex.in/agency/mumbai (Service might be rate limiting)
❌ Failed: https://quantapex.in/agency/bengaluru (Service might be rate limiting)
❌ Failed: https://quantapex.in/agency/hyderabad (Service might be rate limiting)
❌ Failed: https://quantapex.in/agency/pune (Service might be rate limiting)
❌ Failed: https://quantapex.in/agency/chennai (Service might be rate limiting)
❌ Failed: https://quantapex.in/agency/kolkata (Service might be rate limiting)
❌ Failed: https://quantapex.in/agency/gurugram (Service might be rate limiting)
❌ Failed: https://quantapex.in/agency/noida (Service might be rate limiting)
❌ Failed: https://quantapex.in/agency/ahmedabad (Service might be rate limiting)
❌ Failed: https://quantapex.in/agency/jaipur (Service might be rate limiting)
❌ Failed: https://quantapex.in/agency/lucknow (Service might be rate limiting)
❌ Failed: https://quantapex.in/agency/surat (Service might be rate limiting)
❌ Failed: https://quantapex.in/agency/indore (Service might be rate limiting)
❌ Failed: https://quantapex.in/agency/chandigarh (Service might be rate limiting)
❌ Failed: https://quantapex.in/agency/kochi (Service might be rate limiting)
❌ Failed: https://quantapex.in/agency/visakhapatnam (Service might be rate limiting)
❌ Failed: https://quantapex.in/agency/bhopal (Service might be rate limiting)
❌ Failed: https://quantapex.in/agency/patna (Service might be rate limiting)
❌ Failed: https://quantapex.in/agency/vadodara (Service might be rate limiting)
❌ Failed: https://quantapex.in/agency/ghaziabad (Service might be rate limiting)
❌ Failed: https://quantapex.in/agency/ludhiana (Service might be rate limiting)
❌ Failed: https://quantapex.in/agency/agra (Service might be rate limiting)
❌ Failed: https://quantapex.in/agency/nashik (Service might be rate limiting)
❌ Failed: https://quantapex.in/agency/faridabad (Service might be rate limiting)
❌ Failed: https://quantapex.in/agency/meerut (Service might be rate limiting)
❌ Failed: https://quantapex.in/agency/rajkot (Service might be rate limiting)
❌ Failed: https://quantapex.in/agency/varanasi (Service might be rate limiting)
❌ Failed: https://quantapex.in/agency/srinagar (Service might be rate limiting)
❌ Failed: https://quantapex.in/agency/amritsar (Service might be rate limiting)
❌ Failed: https://quantapex.in/agency/navi-mumbai (Service might be rate limiting)
❌ Failed: https://quantapex.in/agency/ranchi (Service might be rate limiting)
❌ Failed: https://quantapex.in/agency/coimbatore (Service might be rate limiting)
❌ Failed: https://quantapex.in/agency/jabalpur (Service might be rate limiting)
❌ Failed: https://quantapex.in/agency/gwalior (Service might be rate limiting)
❌ Failed: https://quantapex.in/agency/howrah (Service might be rate limiting)
❌ Failed: https://quantapex.in/agency/vijayawada (Service might be rate limiting)
❌ Failed: https://quantapex.in/agency/jodhpur (Service might be rate limiting)
❌ Failed: https://quantapex.in/agency/madurai (Service might be rate limiting)
❌ Failed: https://quantapex.in/agency/guwahati (Service might be rate limiting)
❌ Failed: https://quantapex.in/agency/raipur (Service might be rate limiting)
❌ Failed: https://quantapex.in/agency/kota (Service might be rate limiting)
❌ Failed: https://quantapex.in/agency/solapur (Service might be rate limiting)
❌ Failed: https://quantapex.in/agency/bareilly (Service might be rate limiting)
❌ Failed: https://quantapex.in/agency/moradabad (Service might be rate limiting)
❌ Failed: https://quantapex.in/agency/mysore (Service might be rate limiting)
❌ Failed: https://quantapex.in/agency/tiruchirappalli (Service might be rate limiting)
❌ Failed: https://quantapex.in/agency/hubli-dharwad (Service might be rate limiting)
❌ Failed: https://quantapex.in/agency/aligarh (Service might be rate limiting)
❌ Failed: https://quantapex.in/agency/jalandhar (Service might be rate limiting)
❌ Failed: https://quantapex.in/agency/bhubaneswar (Service might be rate limiting)
❌ Failed: https://quantapex.in/agency/salem (Service might be rate limiting)
❌ Failed: https://quantapex.in/agency/warangal (Service might be rate limiting)
❌ Failed: https://quantapex.in/agency/guntur (Service might be rate limiting)
❌ Failed: https://quantapex.in/agency/bhiwandi (Service might be rate limiting)
❌ Failed: https://quantapex.in/agency/saharanpur (Service might be rate limiting)
❌ Failed: https://quantapex.in/agency/gorakhpur (Service might be rate limiting)
❌ Failed: https://quantapex.in/agency/bikaner (Service might be rate limiting)
❌ Failed: https://quantapex.in/agency/amravati (Service might be rate limiting)
❌ Failed: https://quantapex.in/agency/jamshedpur (Service might be rate limiting)
❌ Failed: https://quantapex.in/agency/bhilai (Service might be rate limiting)
❌ Failed: https://quantapex.in/agency/cuttack (Service might be rate limiting)
❌ Failed: https://quantapex.in/agency/firozabad (Service might be rate limiting)
❌ Failed: https://quantapex.in/agency/nellore (Service might be rate limiting)
❌ Failed: https://quantapex.in/agency/bhavnagar (Service might be rate limiting)
❌ Failed: https://quantapex.in/agency/dehradun (Service might be rate limiting)
❌ Failed: https://quantapex.in/agency/durgapur (Service might be rate limiting)
❌ Failed: https://quantapex.in/agency/asansol (Service might be rate limiting)
❌ Failed: https://quantapex.in/agency/rourkela (Service might be rate limiting)
❌ Failed: https://quantapex.in/agency/nanded (Service might be rate limiting)
❌ Failed: https://quantapex.in/agency/kolhapur (Service might be rate limiting)
❌ Failed: https://quantapex.in/agency/ajmer (Service might be rate limiting)
❌ Failed: https://quantapex.in/agency/akola (Service might be rate limiting)
❌ Failed: https://quantapex.in/agency/gulbarga (Service might be rate limiting)
❌ Failed: https://quantapex.in/agency/jamnagar (Service might be rate limiting)
❌ Failed: https://quantapex.in/agency/ujjain (Service might be rate limiting)
❌ Failed: https://quantapex.in/agency/siliguri (Service might be rate limiting)
❌ Failed: https://quantapex.in/agency/jhansi (Service might be rate limiting)
❌ Failed: https://quantapex.in/agency/ulhasnagar (Service might be rate limiting)
❌ Failed: https://quantapex.in/agency/sangli (Service might be rate limiting)
❌ Failed: https://quantapex.in/agency/jammu (Service might be rate limiting)
❌ Failed: https://quantapex.in/agency/belgaum (Service might be rate limiting)
❌ Failed: https://quantapex.in/agency/mangalore (Service might be rate limiting)
❌ Failed: https://quantapex.in/agency/tirunelveli (Service might be rate limiting)
❌ Failed: https://quantapex.in/agency/malegaon (Service might be rate limiting)
❌ Failed: https://quantapex.in/agency/udaipur (Service might be rate limiting)
❌ Failed: https://quantapex.in/agency/gaya (Service might be rate limiting)
❌ Failed: https://quantapex.in/agency/tiruppur (Service might be rate limiting)
❌ Failed: https://quantapex.in/agency/davangere (Service might be rate limiting)
❌ Failed: https://quantapex.in/agency/kozhikode (Service might be rate limiting)
❌ Failed: https://quantapex.in/agency/akola (Service might be rate limiting)
❌ Failed: https://quantapex.in/agency/kurnool (Service might be rate limiting)
❌ Failed: https://quantapex.in/agency/rajamahendravaram (Service might be rate limiting)
❌ Failed: https://quantapex.in/agency/bokaro (Service might be rate limiting)
❌ Failed: https://quantapex.in/agency/south-delhi (Service might be rate limiting)
❌ Failed: https://quantapex.in/agency/dwarka (Service might be rate limiting)
❌ Failed: https://quantapex.in/agency/vashi (Service might be rate limiting)
❌ Failed: https://quantapex.in/agency/andheri (Service might be rate limiting)
❌ Failed: https://quantapex.in/agency/whitefield (Service might be rate limiting)
❌ Failed: https://quantapex.in/agency/hitech-city (Service might be rate limiting)
❌ Failed: https://quantapex.in/agency/new-york (Service might be rate limiting)
❌ Failed: https://quantapex.in/agency/london (Service might be rate limiting)
❌ Failed: https://quantapex.in/agency/dubai (Service might be rate limiting)
